// Jest Snapshot v1, https://goo.gl/fbAQLP

exports[`Divider borderColor prop sets borderColor 1`] = `
<hr
  className="biANNw"
/>
`;

exports[`Divider m prop sets margin 1`] = `
<hr
  className="gpajkE"
/>
`;

exports[`Divider renders 1`] = `
<hr
  className="dCyoaI"
/>
`;

exports[`Divider width prop sets width 1`] = `
<hr
  className="bgTbBz"
  width={0.5}
/>
`;
