// Jest Snapshot v1, https://goo.gl/fbAQLP

exports[`Hug renders text when array of nodes is provided 1`] = `[Function]`;

exports[`Hug renders text when string is provided 1`] = `[Function]`;

exports[`Hug renders text, icon, and Child 1`] = `[Function]`;

exports[`Hug renders with border-radius from theme on top only 1`] = `
<div
  className="kBvAQu"
>
  <div
    className="ciVdqH"
    color="white"
  >
    <div
      className="dFUTzt"
      fontSize={1}
    />
  </div>
  <div
    className="KxCPQ"
  />
</div>
`;
