// Jest Snapshot v1, https://goo.gl/fbAQLP

exports[`Loader renders 1`] = `
<div
  className="rai-activity-indicator undefined"
  style={
    Object {
      "display": "inline-block",
      "fontSize": "16px",
      "lineHeight": "0",
    }
  }
>
  <div
    className="rai-sentry"
    style={
      Object {
        "animationDuration": "1.142857142857143s",
        "fontSize": 35,
      }
    }
  >
    <div
      className="rai-wave-container"
    >
      <div
        className="rai-wave"
        style={
          Object {
            "borderColor": "#E74C3C",
          }
        }
      />
    </div>
    <div
      className="rai-wave-container"
    >
      <div
        className="rai-wave"
        style={
          Object {
            "animationDelay": "-0.5714285714285715s",
            "borderColor": "#E74C3C",
          }
        }
      />
    </div>
  </div>
</div>
`;
